// Jest Snapshot v1, https://goo.gl/fbAQLP

exports[`that PlexServerCredentials renders 1`] = `
<div
  style={
    Object {
      "width": "100%",
    }
  }
>
  <div
    className="from-row"
  >
    <label>
      Plex hostname or ip:
    </label>
    <input
      onChange={[Function]}
      type="text"
      value=""
    />
  </div>
  <div
    className="from-row"
  >
    <label>
      Port:
    </label>
    <input
      onChange={[Function]}
      type="text"
      value={80}
    />
  </div>
  <div
    style={
      Object {
        "color": "red",
      }
    }
  >
    
  </div>
  <div
    style={
      Object {
        "display": "flex",
        "justifyContent": "space-between",
      }
    }
  >
    <button
      onClick={[Function]}
    >
      Test connection
    </button>
    <button
      className="cancel"
      onClick={[Function]}
    >
      Cancel
    </button>
  </div>
</div>
`;
